[20-Apr-2026 20:14:33 Europe/Berlin] Fetching comments for animeId: 1
[20-Apr-2026 20:14:33 Europe/Berlin] Comments found: 0
[20-Apr-2026 20:14:51 Europe/Berlin] Fetching comments for animeId: 1
[20-Apr-2026 20:14:51 Europe/Berlin] Comments found: 0
[20-Apr-2026 20:14:51 Europe/Berlin] Fetching comments for animeId: 5
[20-Apr-2026 20:14:51 Europe/Berlin] Fetching comments for animeId: 6
[20-Apr-2026 20:14:51 Europe/Berlin] Comments found: 0
[20-Apr-2026 20:14:51 Europe/Berlin] Comments found: 0
[20-Apr-2026 20:14:51 Europe/Berlin] Fetching comments for animeId: 7
[20-Apr-2026 20:14:51 Europe/Berlin] Fetching comments for animeId: 8
[20-Apr-2026 20:14:51 Europe/Berlin] Comments found: 0
[20-Apr-2026 20:14:51 Europe/Berlin] Fetching comments for animeId: 16
[20-Apr-2026 20:14:51 Europe/Berlin] Comments found: 0
[20-Apr-2026 20:14:51 Europe/Berlin] Fetching comments for animeId: 17
[20-Apr-2026 20:14:51 Europe/Berlin] Fetching comments for animeId: 15
[20-Apr-2026 20:14:51 Europe/Berlin] Comments found: 0
[20-Apr-2026 20:14:51 Europe/Berlin] Comments found: 0
[20-Apr-2026 20:14:51 Europe/Berlin] Comments found: 0
[20-Apr-2026 20:14:51 Europe/Berlin] Fetching comments for animeId: 18
[20-Apr-2026 20:14:51 Europe/Berlin] Fetching comments for animeId: 20
[20-Apr-2026 20:14:51 Europe/Berlin] Fetching comments for animeId: 19
[20-Apr-2026 20:14:51 Europe/Berlin] Comments found: 0
[20-Apr-2026 20:14:51 Europe/Berlin] Comments found: 0
[20-Apr-2026 20:14:51 Europe/Berlin] Comments found: 0
[20-Apr-2026 20:14:51 Europe/Berlin] Fetching comments for animeId: 21
[20-Apr-2026 20:14:51 Europe/Berlin] Comments found: 0
[20-Apr-2026 20:14:51 Europe/Berlin] Fetching comments for animeId: 22
[20-Apr-2026 20:14:51 Europe/Berlin] Comments found: 0
[20-Apr-2026 20:14:51 Europe/Berlin] Fetching comments for animeId: 24
[20-Apr-2026 20:14:51 Europe/Berlin] Comments found: 0
[20-Apr-2026 20:14:51 Europe/Berlin] Fetching comments for animeId: 26
[20-Apr-2026 20:14:51 Europe/Berlin] Fetching comments for animeId: 25
[20-Apr-2026 20:14:51 Europe/Berlin] Comments found: 0
[20-Apr-2026 20:14:51 Europe/Berlin] Fetching comments for animeId: 28
[20-Apr-2026 20:14:51 Europe/Berlin] Comments found: 0
[20-Apr-2026 20:14:51 Europe/Berlin] Comments found: 0
[20-Apr-2026 20:14:51 Europe/Berlin] Fetching comments for animeId: 23
[20-Apr-2026 20:14:51 Europe/Berlin] Fetching comments for animeId: 27
[20-Apr-2026 20:14:51 Europe/Berlin] Comments found: 0
[20-Apr-2026 20:14:51 Europe/Berlin] Comments found: 0
[20-Apr-2026 20:14:51 Europe/Berlin] Fetching comments for animeId: 30
[20-Apr-2026 20:14:51 Europe/Berlin] Fetching comments for animeId: 31
[20-Apr-2026 20:14:51 Europe/Berlin] Comments found: 0
[20-Apr-2026 20:14:51 Europe/Berlin] Fetching comments for animeId: 33
[20-Apr-2026 20:14:51 Europe/Berlin] Comments found: 0
[20-Apr-2026 20:14:51 Europe/Berlin] Fetching comments for animeId: 32
[20-Apr-2026 20:14:51 Europe/Berlin] Comments found: 0
[20-Apr-2026 20:14:51 Europe/Berlin] Comments found: 0
[20-Apr-2026 20:14:51 Europe/Berlin] Fetching comments for animeId: 29
[20-Apr-2026 20:14:51 Europe/Berlin] Fetching comments for animeId: 43
[20-Apr-2026 20:14:51 Europe/Berlin] Comments found: 0
[20-Apr-2026 20:14:51 Europe/Berlin] Comments found: 0
[20-Apr-2026 20:15:02 Europe/Berlin] Fetching comments for animeId: 1
[20-Apr-2026 20:15:02 Europe/Berlin] Fetching comments for animeId: 5
[20-Apr-2026 20:15:02 Europe/Berlin] Comments found: 0
[20-Apr-2026 20:15:02 Europe/Berlin] Comments found: 0
[20-Apr-2026 20:15:02 Europe/Berlin] Fetching comments for animeId: 6
[20-Apr-2026 20:15:02 Europe/Berlin] Fetching comments for animeId: 7
[20-Apr-2026 20:15:02 Europe/Berlin] Comments found: 0
[20-Apr-2026 20:15:02 Europe/Berlin] Comments found: 0
[20-Apr-2026 20:15:02 Europe/Berlin] Fetching comments for animeId: 8
[20-Apr-2026 20:15:02 Europe/Berlin] Fetching comments for animeId: 16
[20-Apr-2026 20:15:02 Europe/Berlin] Fetching comments for animeId: 15
[20-Apr-2026 20:15:02 Europe/Berlin] Comments found: 0
[20-Apr-2026 20:15:02 Europe/Berlin] Comments found: 0
[20-Apr-2026 20:15:02 Europe/Berlin] Comments found: 0
[20-Apr-2026 20:15:02 Europe/Berlin] Fetching comments for animeId: 17
[20-Apr-2026 20:15:02 Europe/Berlin] Fetching comments for animeId: 18
[20-Apr-2026 20:15:02 Europe/Berlin] Comments found: 0
[20-Apr-2026 20:15:02 Europe/Berlin] Comments found: 0
[20-Apr-2026 20:15:02 Europe/Berlin] Fetching comments for animeId: 19
[20-Apr-2026 20:15:02 Europe/Berlin] Comments found: 0
[20-Apr-2026 20:15:02 Europe/Berlin] Fetching comments for animeId: 20
[20-Apr-2026 20:15:02 Europe/Berlin] Comments found: 0
[20-Apr-2026 20:15:02 Europe/Berlin] Fetching comments for animeId: 21
[20-Apr-2026 20:15:02 Europe/Berlin] Comments found: 0
[20-Apr-2026 20:15:02 Europe/Berlin] Fetching comments for animeId: 22
[20-Apr-2026 20:15:02 Europe/Berlin] Fetching comments for animeId: 24
[20-Apr-2026 20:15:02 Europe/Berlin] Fetching comments for animeId: 23
[20-Apr-2026 20:15:02 Europe/Berlin] Comments found: 0
[20-Apr-2026 20:15:02 Europe/Berlin] Comments found: 0
[20-Apr-2026 20:15:02 Europe/Berlin] Comments found: 0
[20-Apr-2026 20:15:02 Europe/Berlin] Fetching comments for animeId: 25
[20-Apr-2026 20:15:02 Europe/Berlin] Comments found: 0
[20-Apr-2026 20:15:02 Europe/Berlin] Fetching comments for animeId: 26
[20-Apr-2026 20:15:02 Europe/Berlin] Fetching comments for animeId: 27
[20-Apr-2026 20:15:02 Europe/Berlin] Comments found: 0
[20-Apr-2026 20:15:02 Europe/Berlin] Comments found: 0
[20-Apr-2026 20:15:02 Europe/Berlin] Fetching comments for animeId: 29
[20-Apr-2026 20:15:02 Europe/Berlin] Fetching comments for animeId: 28
[20-Apr-2026 20:15:02 Europe/Berlin] Comments found: 0
[20-Apr-2026 20:15:02 Europe/Berlin] Fetching comments for animeId: 31
[20-Apr-2026 20:15:02 Europe/Berlin] Comments found: 0
[20-Apr-2026 20:15:02 Europe/Berlin] Fetching comments for animeId: 32
[20-Apr-2026 20:15:02 Europe/Berlin] Fetching comments for animeId: 33
[20-Apr-2026 20:15:02 Europe/Berlin] Comments found: 0
[20-Apr-2026 20:15:02 Europe/Berlin] Fetching comments for animeId: 43
[20-Apr-2026 20:15:02 Europe/Berlin] Comments found: 0
[20-Apr-2026 20:15:02 Europe/Berlin] Comments found: 0
[20-Apr-2026 20:15:02 Europe/Berlin] Fetching comments for animeId: 30
[20-Apr-2026 20:15:02 Europe/Berlin] Comments found: 0
[20-Apr-2026 20:15:02 Europe/Berlin] Comments found: 0
[20-Apr-2026 20:16:06 Europe/Berlin] Fetching comments for animeId: undefined
[20-Apr-2026 20:16:06 Europe/Berlin] Comments found: 0
[20-Apr-2026 20:17:43 Europe/Berlin] Fetching comments for animeId: 5
[20-Apr-2026 20:17:43 Europe/Berlin] Fetching comments for animeId: 6
[20-Apr-2026 20:17:43 Europe/Berlin] Comments found: 0
[20-Apr-2026 20:17:43 Europe/Berlin] Comments found: 0
[20-Apr-2026 20:17:43 Europe/Berlin] Fetching comments for animeId: 1
[20-Apr-2026 20:17:43 Europe/Berlin] Fetching comments for animeId: 7
[20-Apr-2026 20:17:43 Europe/Berlin] Comments found: 0
[20-Apr-2026 20:17:43 Europe/Berlin] Fetching comments for animeId: 15
[20-Apr-2026 20:17:43 Europe/Berlin] Fetching comments for animeId: 8
[20-Apr-2026 20:17:43 Europe/Berlin] Comments found: 0
[20-Apr-2026 20:17:43 Europe/Berlin] Comments found: 0
[20-Apr-2026 20:17:43 Europe/Berlin] Comments found: 0
[20-Apr-2026 20:17:43 Europe/Berlin] Fetching comments for animeId: 16
[20-Apr-2026 20:17:43 Europe/Berlin] Comments found: 0
[20-Apr-2026 20:17:43 Europe/Berlin] Fetching comments for animeId: 17
[20-Apr-2026 20:17:43 Europe/Berlin] Fetching comments for animeId: 18
[20-Apr-2026 20:17:43 Europe/Berlin] Fetching comments for animeId: 19
[20-Apr-2026 20:17:43 Europe/Berlin] Comments found: 0
[20-Apr-2026 20:17:43 Europe/Berlin] Comments found: 0
[20-Apr-2026 20:17:43 Europe/Berlin] Comments found: 0
[20-Apr-2026 20:17:43 Europe/Berlin] Fetching comments for animeId: 20
[20-Apr-2026 20:17:43 Europe/Berlin] Comments found: 0
[20-Apr-2026 20:17:43 Europe/Berlin] Fetching comments for animeId: 21
[20-Apr-2026 20:17:43 Europe/Berlin] Fetching comments for animeId: 22
[20-Apr-2026 20:17:43 Europe/Berlin] Comments found: 0
[20-Apr-2026 20:17:43 Europe/Berlin] Comments found: 0
[20-Apr-2026 20:17:43 Europe/Berlin] Fetching comments for animeId: 23
[20-Apr-2026 20:17:43 Europe/Berlin] Fetching comments for animeId: 24
[20-Apr-2026 20:17:43 Europe/Berlin] Comments found: 0
[20-Apr-2026 20:17:43 Europe/Berlin] Comments found: 0
[20-Apr-2026 20:17:43 Europe/Berlin] Fetching comments for animeId: 25
[20-Apr-2026 20:17:43 Europe/Berlin] Fetching comments for animeId: 26
[20-Apr-2026 20:17:43 Europe/Berlin] Fetching comments for animeId: 27
[20-Apr-2026 20:17:43 Europe/Berlin] Fetching comments for animeId: 28
[20-Apr-2026 20:17:43 Europe/Berlin] Comments found: 0
[20-Apr-2026 20:17:43 Europe/Berlin] Comments found: 0
[20-Apr-2026 20:17:43 Europe/Berlin] Comments found: 0
[20-Apr-2026 20:17:43 Europe/Berlin] Fetching comments for animeId: 29
[20-Apr-2026 20:17:43 Europe/Berlin] Comments found: 0
[20-Apr-2026 20:17:43 Europe/Berlin] Comments found: 0
[20-Apr-2026 20:17:43 Europe/Berlin] Fetching comments for animeId: 31
[20-Apr-2026 20:17:43 Europe/Berlin] Fetching comments for animeId: 32
[20-Apr-2026 20:17:43 Europe/Berlin] Comments found: 0
[20-Apr-2026 20:17:43 Europe/Berlin] Comments found: 0
[20-Apr-2026 20:17:43 Europe/Berlin] Fetching comments for animeId: 33
[20-Apr-2026 20:17:43 Europe/Berlin] Fetching comments for animeId: 30
[20-Apr-2026 20:17:43 Europe/Berlin] Comments found: 0
[20-Apr-2026 20:17:43 Europe/Berlin] Fetching comments for animeId: 43
[20-Apr-2026 20:17:43 Europe/Berlin] Comments found: 0
[20-Apr-2026 20:17:43 Europe/Berlin] Comments found: 0
[20-Apr-2026 20:17:45 Europe/Berlin] Fetching comments for animeId: 1
[20-Apr-2026 20:17:45 Europe/Berlin] Comments found: 0
[20-Apr-2026 20:17:45 Europe/Berlin] Fetching comments for animeId: 1
[20-Apr-2026 20:17:45 Europe/Berlin] Comments found: 0
[20-Apr-2026 20:17:48 Europe/Berlin] Raw POST data: {"anime_id":1,"user_id":0,"content":"hj","rating":5}
[20-Apr-2026 20:17:48 Europe/Berlin] Server Error: SQLSTATE[23000]: Integrity constraint violation: 1452 Cannot add or update a child row: a foreign key constraint fails (`miruzone`.`comments`, CONSTRAINT `fk_comments_user` FOREIGN KEY (`user_id`) REFERENCES `usuarios` (`id`) ON DELETE CASCADE) | Trace: #0 D:\xampp\htdocs\ProyectoAnime\backend-php\api\comments.php(89): PDOStatement->execute(Array)
#1 {main}
